Using pre-set license
Built from '2022.3/staging' branch; Version is '2022.3.14f1 (eff2de9070d8) revision 15725278'; Using compiler version '192829333'; Build Type 'Release'
OS: 'Windows 10  (10.0.19045) 64bit Professional' Language: 'ko' Physical Memory: 16309 MB
BatchMode: 1, IsHumanControllingUs: 0, StartBugReporterOnCrash: 0, Is64bit: 1, IsPro: 1

COMMAND LINE ARGUMENTS:
C:\Program Files\Unity\Hub\Editor\2022.3.14f1\Editor\Unity.exe
-adb2
-batchMode
-noUpm
-name
AssetImportWorker0
-projectPath
C:/Users/USER/Desktop/unity/ToyProject/ToyProject
-logFile
Logs/AssetImportWorker0.log
-srvPort
1842
Successfully changed project path to: C:/Users/USER/Desktop/unity/ToyProject/ToyProject
C:/Users/USER/Desktop/unity/ToyProject/ToyProject
[UnityMemory] Configuration Parameters - Can be set up in boot.config
    "memorysetup-bucket-allocator-granularity=16"
    "memorysetup-bucket-allocator-bucket-count=8"
    "memorysetup-bucket-allocator-block-size=33554432"
    "memorysetup-bucket-allocator-block-count=8"
    "memorysetup-main-allocator-block-size=16777216"
    "memorysetup-thread-allocator-block-size=16777216"
    "memorysetup-gfx-main-allocator-block-size=16777216"
    "memorysetup-gfx-thread-allocator-block-size=16777216"
    "memorysetup-cache-allocator-block-size=4194304"
    "memorysetup-typetree-allocator-block-size=2097152"
    "memorysetup-profiler-bucket-allocator-granularity=16"
    "memorysetup-profiler-bucket-allocator-bucket-count=8"
    "memorysetup-profiler-bucket-allocator-block-size=33554432"
    "memorysetup-profiler-bucket-allocator-block-count=8"
    "memorysetup-profiler-allocator-block-size=16777216"
    "memorysetup-profiler-editor-allocator-block-size=1048576"
    "memorysetup-temp-allocator-size-main=16777216"
    "memorysetup-job-temp-allocator-block-size=2097152"
    "memorysetup-job-temp-allocator-block-size-background=1048576"
    "memorysetup-job-temp-allocator-reduction-small-platforms=262144"
    "memorysetup-allocator-temp-initial-block-size-main=262144"
    "memorysetup-allocator-temp-initial-block-size-worker=262144"
    "memorysetup-temp-allocator-size-background-worker=32768"
    "memorysetup-temp-allocator-size-job-worker=262144"
    "memorysetup-temp-allocator-size-preload-manager=33554432"
    "memorysetup-temp-allocator-size-nav-mesh-worker=65536"
    "memorysetup-temp-allocator-size-audio-worker=65536"
    "memorysetup-temp-allocator-size-cloud-worker=32768"
    "memorysetup-temp-allocator-size-gi-baking-worker=262144"
    "memorysetup-temp-allocator-size-gfx=262144"
Player connection [31508] Host "[IP] 192.168.219.103 [Port] 0 [Flags] 2 [Guid] 3971285811 [EditorId] 3971285811 [Version] 1048832 [Id] WindowsEditor(7,DESKTOP-5Q74B9L) [Debug] 1 [PackageName] WindowsEditor [ProjectName] Editor" joined multi-casting on [225.0.0.222:54997]...

Player connection [31508] Host "[IP] 192.168.219.103 [Port] 0 [Flags] 2 [Guid] 3971285811 [EditorId] 3971285811 [Version] 1048832 [Id] WindowsEditor(7,DESKTOP-5Q74B9L) [Debug] 1 [PackageName] WindowsEditor [ProjectName] Editor" joined alternative multi-casting on [225.0.0.222:34997]...

[Physics::Module] Initialized MultithreadedJobDispatcher with 11 workers.
Refreshing native plugins compatible for Editor in 15.23 ms, found 3 plugins.
Preloading 0 native plugins for Editor in 0.00 ms.
Initialize engine version: 2022.3.14f1 (eff2de9070d8)
[Subsystems] Discovering subsystems at path C:/Program Files/Unity/Hub/Editor/2022.3.14f1/Editor/Data/Resources/UnitySubsystems
[Subsystems] Discovering subsystems at path C:/Users/USER/Desktop/unity/ToyProject/ToyProject/Assets
GfxDevice: creating device client; threaded=0; jobified=0
Direct3D:
    Version:  Direct3D 11.0 [level 11.1]
    Renderer: NVIDIA GeForce RTX 3060 (ID=0x2504)
    Vendor:   NVIDIA
    VRAM:     12115 MB
    Driver:   32.0.15.6094
Initialize mono
Mono path[0] = 'C:/Program Files/Unity/Hub/Editor/2022.3.14f1/Editor/Data/Managed'
Mono path[1] = 'C:/Program Files/Unity/Hub/Editor/2022.3.14f1/Editor/Data/MonoBleedingEdge/lib/mono/unityjit-win32'
Mono config path = 'C:/Program Files/Unity/Hub/Editor/2022.3.14f1/Editor/Data/MonoBleedingEdge/etc'
Using monoOptions --debugger-agent=transport=dt_socket,embedding=1,server=y,suspend=n,address=127.0.0.1:56044
Begin MonoManager ReloadAssembly
Registering precompiled unity dll's ...
Register platform support module: C:/Program Files/Unity/Hub/Editor/2022.3.14f1/Editor/Data/PlaybackEngines/WebGLSupport/UnityEditor.WebGL.Extensions.dll
Register platform support module: C:/Program Files/Unity/Hub/Editor/2022.3.14f1/Editor/Data/PlaybackEngines/AndroidPlayer/UnityEditor.Android.Extensions.dll
Register platform support module: C:/Program Files/Unity/Hub/Editor/2022.3.14f1/Editor/Data/PlaybackEngines/WindowsStandaloneSupport/UnityEditor.WindowsStandalone.Extensions.dll
Registered in 0.028314 seconds.
- Loaded All Assemblies, in  0.438 seconds
Native extension for WindowsStandalone target not found
Native extension for Android target not found
Android Extension - Scanning For ADB Devices 2041 ms
Native extension for WebGL target not found
Mono: successfully reloaded assembly
- Finished resetting the current domain, in  2.379 seconds
Domain Reload Profiling: 2812ms
	BeginReloadAssembly (153ms)
		ExecutionOrderSort (0ms)
		DisableScriptedObjects (0ms)
		BackupInstance (0ms)
		ReleaseScriptingObjects (0ms)
		CreateAndSetChildDomain (1ms)
	RebuildCommonClasses (29ms)
	RebuildNativeTypeToScriptingClass (7ms)
	initialDomainReloadingComplete (87ms)
	LoadAllAssembliesAndSetupDomain (155ms)
		LoadAssemblies (149ms)
		RebuildTransferFunctionScriptingTraits (0ms)
		AnalyzeDomain (151ms)
			TypeCache.Refresh (150ms)
				TypeCache.ScanAssembly (134ms)
			ScanForSourceGeneratedMonoScriptInfo (0ms)
			ResolveRequiredComponents (1ms)
	FinalizeReload (2380ms)
		ReleaseScriptCaches (0ms)
		RebuildScriptCaches (0ms)
		SetupLoadedEditorAssemblies (2319ms)
			LogAssemblyErrors (0ms)
			InitializePlatformSupportModulesInManaged (2165ms)
			SetLoadedEditorAssemblies (4ms)
			RefreshPlugins (0ms)
			BeforeProcessingInitializeOnLoad (2ms)
			ProcessInitializeOnLoadAttributes (97ms)
			ProcessInitializeOnLoadMethodAttributes (50ms)
			AfterProcessingInitializeOnLoad (0ms)
			EditorAssembliesLoaded (0ms)
		ExecutionOrderSort2 (0ms)
		AwakeInstancesAfterBackupRestoration (0ms)
========================================================================
Worker process is ready to serve import requests
Begin MonoManager ReloadAssembly
- Loaded All Assemblies, in  0.691 seconds
Refreshing native plugins compatible for Editor in 8.89 ms, found 3 plugins.
Native extension for WindowsStandalone target not found
Native extension for Android target not found
Native extension for WebGL target not found
Package Manager log level set to [2]
[Package Manager] Server::EnsureServerProcessIsRunning -- launch failed, reason: Unity was launched with the -noUpm command-line argument
[Package Manager] UpmClient::Send -- Unable to send message (not connected to UPM process).
[Package Manager] Cannot connect to Unity Package Manager local server
Mono: successfully reloaded assembly
- Finished resetting the current domain, in  0.667 seconds
Domain Reload Profiling: 1349ms
	BeginReloadAssembly (169ms)
		ExecutionOrderSort (0ms)
		DisableScriptedObjects (5ms)
		BackupInstance (0ms)
		ReleaseScriptingObjects (0ms)
		CreateAndSetChildDomain (19ms)
	RebuildCommonClasses (29ms)
	RebuildNativeTypeToScriptingClass (8ms)
	initialDomainReloadingComplete (51ms)
	LoadAllAssembliesAndSetupDomain (424ms)
		LoadAssemblies (375ms)
		RebuildTransferFunctionScriptingTraits (0ms)
		AnalyzeDomain (159ms)
			TypeCache.Refresh (139ms)
				TypeCache.ScanAssembly (123ms)
			ScanForSourceGeneratedMonoScriptInfo (13ms)
			ResolveRequiredComponents (6ms)
	FinalizeReload (667ms)
		ReleaseScriptCaches (0ms)
		RebuildScriptCaches (0ms)
		SetupLoadedEditorAssemblies (503ms)
			LogAssemblyErrors (0ms)
			InitializePlatformSupportModulesInManaged (39ms)
			SetLoadedEditorAssemblies (2ms)
			RefreshPlugins (0ms)
			BeforeProcessingInitializeOnLoad (84ms)
			ProcessInitializeOnLoadAttributes (333ms)
			ProcessInitializeOnLoadMethodAttributes (19ms)
			AfterProcessingInitializeOnLoad (26ms)
			EditorAssembliesLoaded (0ms)
		ExecutionOrderSort2 (0ms)
		AwakeInstancesAfterBackupRestoration (13ms)
Launched and connected shader compiler UnityShaderCompiler.exe after 0.07 seconds
Refreshing native plugins compatible for Editor in 7.30 ms, found 3 plugins.
Preloading 0 native plugins for Editor in 0.00 ms.
Unloading 3309 Unused Serialized files (Serialized files now loaded: 0)
Unloading 34 unused Assets / (96.7 KB). Loaded Objects now: 3775.
Memory consumption went from 142.6 MB to 142.5 MB.
Total: 2.527500 ms (FindLiveObjects: 0.214400 ms CreateObjectMapping: 0.085500 ms MarkObjects: 2.121000 ms  DeleteObjects: 0.105800 ms)

AssetImportParameters requested are different than current active one (requested -> active):
  custom:container-demuxer-ogg: 62fdf1f143b41e24485cea50d1cbac27 -> 
  custom:video-decoder-ogg-theora: a1e56fd34408186e4bbccfd4996cb3dc -> 
  custom:framework-win-MediaFoundation: 216162199b28c13a410421893ffa2e32 -> 
  custom:CustomObjectIndexerAttribute: 756ad292c208cfabdd7b50bc23989ffe -> 
  custom:container-demuxer-webm: 4f35f7cbe854078d1ac9338744f61a02 -> 
  custom:container-muxer-webm: aa71ff27fc2769a1b78a27578f13a17b -> 
  custom:video-decoder-webm-vp8: 9c59270c3fd7afecdb556c50c9e8de78 -> 
  custom:SearchIndexIgnoredProperties: e643bd26f0fe6173181afceb89e7c659 -> 
  custom:AudioImporter_EditorPlatform: d09bf68614088b80899f8185d706f6e7 -> 
  custom:video-encoder-webm-vp8: eb34c28f22e8b96e1ab97ce403110664 -> 
  custom:audio-decoder-ogg-vorbis: bf7c407c2cedff20999df2af8eb42d56 -> 
  custom:audio-encoder-webm-vorbis: bf7c407c2cedff20999df2af8eb42d56 -> 
========================================================================
Received Import Request.
  Time since last request: 149928.007129 seconds.
  path: Assets/Art
  artifactKey: Guid(7c0e3d959a589554a9aeadd749f7aa3e) Importer(815301076,1909f56bfc062723c751e8b465ee728b)
Start importing Assets/Art using Guid(7c0e3d959a589554a9aeadd749f7aa3e) Importer(815301076,1909f56bfc062723c751e8b465ee728b)  -> (artifact id: 'ebf039b272894204f552bbcc2d904ee4') in 0.002472 seconds
Number of updated asset objects reloaded before import = 0
Number of asset objects unloaded after import = 0
========================================================================
Received Import Request.
  Time since last request: 51.937050 seconds.
  path: Assets/Art/kenney_fantasy-ui-borders
  artifactKey: Guid(577e9f73046800041a38851da87705fc) Importer(815301076,1909f56bfc062723c751e8b465ee728b)
Start importing Assets/Art/kenney_fantasy-ui-borders using Guid(577e9f73046800041a38851da87705fc) Importer(815301076,1909f56bfc062723c751e8b465ee728b)  -> (artifact id: '505e316cc7e6c1b61aa71d4f2afe71a5') in 0.000468 seconds
Number of updated asset objects reloaded before import = 0
Number of asset objects unloaded after import = 0
========================================================================
Received Import Request.
  Time since last request: 0.049613 seconds.
  path: Assets/Art/kenney_fantasy-ui-borders/Preview.png
  artifactKey: Guid(58311ebb5b855654d94c9cd395376dce) Importer(815301076,1909f56bfc062723c751e8b465ee728b)
Start importing Assets/Art/kenney_fantasy-ui-borders/Preview.png using Guid(58311ebb5b855654d94c9cd395376dce) Importer(815301076,1909f56bfc062723c751e8b465ee728b)  -> (artifact id: 'f8e23fa5f7358c61e3b2643cb4621e9a') in 0.055446 seconds
Number of updated asset objects reloaded before import = 0
Number of asset objects unloaded after import = 2
========================================================================
Received Import Request.
  Time since last request: 599.780380 seconds.
  path: Assets/Art/kenney_fantasy-ui-borders/PNG
  artifactKey: Guid(da432f15892134c43960680e14619643) Importer(815301076,1909f56bfc062723c751e8b465ee728b)
Start importing Assets/Art/kenney_fantasy-ui-borders/PNG using Guid(da432f15892134c43960680e14619643) Importer(815301076,1909f56bfc062723c751e8b465ee728b)  -> (artifact id: '023777feeb6d2c4cc1688f8d9c2eff13') in 0.000801 seconds
Number of updated asset objects reloaded before import = 0
Number of asset objects unloaded after import = 0
========================================================================
Received Import Request.
  Time since last request: 0.846614 seconds.
  path: Assets/Art/kenney_fantasy-ui-borders/PNG/Default
  artifactKey: Guid(c9244f5870634444480715cf05b8c0e5) Importer(815301076,1909f56bfc062723c751e8b465ee728b)
Start importing Assets/Art/kenney_fantasy-ui-borders/PNG/Default using Guid(c9244f5870634444480715cf05b8c0e5) Importer(815301076,1909f56bfc062723c751e8b465ee728b)  -> (artifact id: '97b2d1571e110eecb724c799addc8d68') in 0.000549 seconds
Number of updated asset objects reloaded before import = 0
Number of asset objects unloaded after import = 0
========================================================================
Received Import Request.
  Time since last request: 0.706227 seconds.
  path: Assets/Art/kenney_fantasy-ui-borders/PNG/Default/Border
  artifactKey: Guid(4df47924053099f40ba6f3e2f081b08e) Importer(815301076,1909f56bfc062723c751e8b465ee728b)
Start importing Assets/Art/kenney_fantasy-ui-borders/PNG/Default/Border using Guid(4df47924053099f40ba6f3e2f081b08e) Importer(815301076,1909f56bfc062723c751e8b465ee728b)  -> (artifact id: '97435dc8f60a14fd805c8e3108018def') in 0.000473 seconds
Number of updated asset objects reloaded before import = 0
Number of asset objects unloaded after import = 0
========================================================================
Received Import Request.
  Time since last request: 0.047046 seconds.
  path: Assets/Art/kenney_fantasy-ui-borders/PNG/Default/Border/panel-border-000.png
  artifactKey: Guid(3d8778bdf37fba04f935c2813c3fee63) Importer(815301076,1909f56bfc062723c751e8b465ee728b)
Start importing Assets/Art/kenney_fantasy-ui-borders/PNG/Default/Border/panel-border-000.png using Guid(3d8778bdf37fba04f935c2813c3fee63) Importer(815301076,1909f56bfc062723c751e8b465ee728b)  -> (artifact id: 'abb77b9179269f21d18b5bf8ae64e5e4') in 0.025852 seconds
Number of updated asset objects reloaded before import = 0
Number of asset objects unloaded after import = 2
========================================================================
Received Import Request.
  Time since last request: 0.005520 seconds.
  path: Assets/Art/kenney_fantasy-ui-borders/PNG/Default/Border/panel-border-004.png
  artifactKey: Guid(38e85b8271a89db4ca6bac7173a30b86) Importer(815301076,1909f56bfc062723c751e8b465ee728b)
Start importing Assets/Art/kenney_fantasy-ui-borders/PNG/Default/Border/panel-border-004.png using Guid(38e85b8271a89db4ca6bac7173a30b86) Importer(815301076,1909f56bfc062723c751e8b465ee728b)  -> (artifact id: '032f999b245835ef10e37039afaf5362') in 0.029199 seconds
Number of updated asset objects reloaded before import = 0
Number of asset objects unloaded after import = 2
========================================================================
Received Import Request.
  Time since last request: 0.000016 seconds.
  path: Assets/Art/kenney_fantasy-ui-borders/PNG/Default/Border/panel-border-025.png
  artifactKey: Guid(e0d25d58d696adc48b129834cc9f555d) Importer(815301076,1909f56bfc062723c751e8b465ee728b)
Start importing Assets/Art/kenney_fantasy-ui-borders/PNG/Default/Border/panel-border-025.png using Guid(e0d25d58d696adc48b129834cc9f555d) Importer(815301076,1909f56bfc062723c751e8b465ee728b)  -> (artifact id: '964c5915afde97492bc8f0a07954b5da') in 0.027738 seconds
Number of updated asset objects reloaded before import = 0
Number of asset objects unloaded after import = 2
========================================================================
Received Import Request.
  Time since last request: 0.000017 seconds.
  path: Assets/Art/kenney_fantasy-ui-borders/PNG/Default/Border/panel-border-009.png
  artifactKey: Guid(a1db8ad55387d3f4797914a4c10c607c) Importer(815301076,1909f56bfc062723c751e8b465ee728b)
Start importing Assets/Art/kenney_fantasy-ui-borders/PNG/Default/Border/panel-border-009.png using Guid(a1db8ad55387d3f4797914a4c10c607c) Importer(815301076,1909f56bfc062723c751e8b465ee728b)  -> (artifact id: '5e40c2a6a87ce4cecc16e3abf480b829') in 0.027718 seconds
Number of updated asset objects reloaded before import = 0
Number of asset objects unloaded after import = 2
========================================================================
Received Import Request.
  Time since last request: 0.000026 seconds.
  path: Assets/Art/kenney_fantasy-ui-borders/PNG/Default/Border/panel-border-008.png
  artifactKey: Guid(3a607d84be678c449b15c8b646377793) Importer(815301076,1909f56bfc062723c751e8b465ee728b)
Start importing Assets/Art/kenney_fantasy-ui-borders/PNG/Default/Border/panel-border-008.png using Guid(3a607d84be678c449b15c8b646377793) Importer(815301076,1909f56bfc062723c751e8b465ee728b)  -> (artifact id: 'cb805b3a435f199e50c85f03c7a4df8e') in 0.025122 seconds
Number of updated asset objects reloaded before import = 0
Number of asset objects unloaded after import = 2
========================================================================
Received Import Request.
  Time since last request: 0.000014 seconds.
  path: Assets/Art/kenney_fantasy-ui-borders/PNG/Default/Border/panel-border-031.png
  artifactKey: Guid(f26ef29d84bf2fd46be8357578064967) Importer(815301076,1909f56bfc062723c751e8b465ee728b)
Start importing Assets/Art/kenney_fantasy-ui-borders/PNG/Default/Border/panel-border-031.png using Guid(f26ef29d84bf2fd46be8357578064967) Importer(815301076,1909f56bfc062723c751e8b465ee728b)  -> (artifact id: 'aa96c724475fcc64e403629699ea0929') in 0.025673 seconds
Number of updated asset objects reloaded before import = 0
Number of asset objects unloaded after import = 2
========================================================================
Received Import Request.
  Time since last request: 0.000016 seconds.
  path: Assets/Art/kenney_fantasy-ui-borders/PNG/Default/Border/panel-border-023.png
  artifactKey: Guid(4803f1421ed6b8e45bf78b159bb8937f) Importer(815301076,1909f56bfc062723c751e8b465ee728b)
Start importing Assets/Art/kenney_fantasy-ui-borders/PNG/Default/Border/panel-border-023.png using Guid(4803f1421ed6b8e45bf78b159bb8937f) Importer(815301076,1909f56bfc062723c751e8b465ee728b)  -> (artifact id: 'f5452c60dee5f57a2a1b88ad2d402eef') in 0.026347 seconds
Number of updated asset objects reloaded before import = 0
Number of asset objects unloaded after import = 2
========================================================================
Received Import Request.
  Time since last request: 0.000013 seconds.
  path: Assets/Art/kenney_fantasy-ui-borders/PNG/Default/Border/panel-border-002.png
  artifactKey: Guid(0f04624133893d74aa97096e5c2fc778) Importer(815301076,1909f56bfc062723c751e8b465ee728b)
Start importing Assets/Art/kenney_fantasy-ui-borders/PNG/Default/Border/panel-border-002.png using Guid(0f04624133893d74aa97096e5c2fc778) Importer(815301076,1909f56bfc062723c751e8b465ee728b)  -> (artifact id: '585932d81b9d7c532e3a569fbd4e00e9') in 0.027196 seconds
Number of updated asset objects reloaded before import = 0
Number of asset objects unloaded after import = 2
========================================================================
Received Import Request.
  Time since last request: 0.000015 seconds.
  path: Assets/Art/kenney_fantasy-ui-borders/PNG/Default/Border/panel-border-022.png
  artifactKey: Guid(2f504cb373b6228409ddc758f615f213) Importer(815301076,1909f56bfc062723c751e8b465ee728b)
Start importing Assets/Art/kenney_fantasy-ui-borders/PNG/Default/Border/panel-border-022.png using Guid(2f504cb373b6228409ddc758f615f213) Importer(815301076,1909f56bfc062723c751e8b465ee728b)  -> (artifact id: 'c1479e1c4298fb221a1e8494ec3e801f') in 0.024761 seconds
Number of updated asset objects reloaded before import = 0
Number of asset objects unloaded after import = 2
========================================================================
Received Import Request.
  Time since last request: 0.000017 seconds.
  path: Assets/Art/kenney_fantasy-ui-borders/PNG/Default/Border/panel-border-005.png
  artifactKey: Guid(4191ed46e75e22846a2f714307605b7d) Importer(815301076,1909f56bfc062723c751e8b465ee728b)
Start importing Assets/Art/kenney_fantasy-ui-borders/PNG/Default/Border/panel-border-005.png using Guid(4191ed46e75e22846a2f714307605b7d) Importer(815301076,1909f56bfc062723c751e8b465ee728b)  -> (artifact id: '7c5005f951f4c2691f73c0ad2be4473a') in 0.023719 seconds
Number of updated asset objects reloaded before import = 0
Number of asset objects unloaded after import = 2
========================================================================
Received Import Request.
  Time since last request: 0.000014 seconds.
  path: Assets/Art/kenney_fantasy-ui-borders/PNG/Default/Border/panel-border-015.png
  artifactKey: Guid(34f87ffa9caa4054a851453e8f4eda6c) Importer(815301076,1909f56bfc062723c751e8b465ee728b)
Start importing Assets/Art/kenney_fantasy-ui-borders/PNG/Default/Border/panel-border-015.png using Guid(34f87ffa9caa4054a851453e8f4eda6c) Importer(815301076,1909f56bfc062723c751e8b465ee728b)  -> (artifact id: '3cccefc24bba0dde09a02716eaaf5baf') in 0.025807 seconds
Number of updated asset objects reloaded before import = 0
Number of asset objects unloaded after import = 2
========================================================================
Received Import Request.
  Time since last request: 0.000014 seconds.
  path: Assets/Art/kenney_fantasy-ui-borders/PNG/Default/Border/panel-border-013.png
  artifactKey: Guid(ba01efe8a021da54c810506592a0010a) Importer(815301076,1909f56bfc062723c751e8b465ee728b)
Start importing Assets/Art/kenney_fantasy-ui-borders/PNG/Default/Border/panel-border-013.png using Guid(ba01efe8a021da54c810506592a0010a) Importer(815301076,1909f56bfc062723c751e8b465ee728b)  -> (artifact id: '040afaf1e55516988c8ab1f8e71ab796') in 0.024226 seconds
Number of updated asset objects reloaded before import = 0
Number of asset objects unloaded after import = 2
========================================================================
Received Import Request.
  Time since last request: 0.000018 seconds.
  path: Assets/Art/kenney_fantasy-ui-borders/PNG/Default/Border/panel-border-018.png
  artifactKey: Guid(2ed0ccc4dae46dc45a024faa032dbdc0) Importer(815301076,1909f56bfc062723c751e8b465ee728b)
Start importing Assets/Art/kenney_fantasy-ui-borders/PNG/Default/Border/panel-border-018.png using Guid(2ed0ccc4dae46dc45a024faa032dbdc0) Importer(815301076,1909f56bfc062723c751e8b465ee728b)  -> (artifact id: 'e3fe982650c970c623d029efa210ef88') in 0.025015 seconds
Number of updated asset objects reloaded before import = 0
Number of asset objects unloaded after import = 2
========================================================================
Received Import Request.
  Time since last request: 0.000020 seconds.
  path: Assets/Art/kenney_fantasy-ui-borders/PNG/Default/Border/panel-border-020.png
  artifactKey: Guid(b66e970522481424ea877601b3afef50) Importer(815301076,1909f56bfc062723c751e8b465ee728b)
Start importing Assets/Art/kenney_fantasy-ui-borders/PNG/Default/Border/panel-border-020.png using Guid(b66e970522481424ea877601b3afef50) Importer(815301076,1909f56bfc062723c751e8b465ee728b)  -> (artifact id: '4e26b4121609bfa66c4ce0e938c7d8e5') in 0.025414 seconds
Number of updated asset objects reloaded before import = 0
Number of asset objects unloaded after import = 2
========================================================================
Received Import Request.
  Time since last request: 0.000014 seconds.
  path: Assets/Art/kenney_fantasy-ui-borders/PNG/Default/Border/panel-border-012.png
  artifactKey: Guid(b75c3ff1eedd8674d9928dd118144f77) Importer(815301076,1909f56bfc062723c751e8b465ee728b)
Start importing Assets/Art/kenney_fantasy-ui-borders/PNG/Default/Border/panel-border-012.png using Guid(b75c3ff1eedd8674d9928dd118144f77) Importer(815301076,1909f56bfc062723c751e8b465ee728b)  -> (artifact id: '198938804efbc209271ab4f52e8e083f') in 0.025454 seconds
Number of updated asset objects reloaded before import = 0
Number of asset objects unloaded after import = 2
========================================================================
Received Import Request.
  Time since last request: 0.000013 seconds.
  path: Assets/Art/kenney_fantasy-ui-borders/PNG/Default/Border/panel-border-021.png
  artifactKey: Guid(701cf82b3e7e65e4aa6894dca44f03b5) Importer(815301076,1909f56bfc062723c751e8b465ee728b)
Start importing Assets/Art/kenney_fantasy-ui-borders/PNG/Default/Border/panel-border-021.png using Guid(701cf82b3e7e65e4aa6894dca44f03b5) Importer(815301076,1909f56bfc062723c751e8b465ee728b)  -> (artifact id: 'd5d229af815ba2687101aa4af2007ffe') in 0.024940 seconds
Number of updated asset objects reloaded before import = 0
Number of asset objects unloaded after import = 2
========================================================================
Received Prepare
Begin MonoManager ReloadAssembly
- Loaded All Assemblies, in  0.529 seconds
Refreshing native plugins compatible for Editor in 7.08 ms, found 3 plugins.
Native extension for WindowsStandalone target not found
Native extension for Android target not found
Native extension for WebGL target not found
[Package Manager] Server::EnsureServerProcessIsRunning -- launch failed, reason: Unity was launched with the -noUpm command-line argument
[Package Manager] UpmClient::Send -- Unable to send message (not connected to UPM process).
[Package Manager] Cannot connect to Unity Package Manager local server
Mono: successfully reloaded assembly
- Finished resetting the current domain, in  1.307 seconds
Domain Reload Profiling: 1827ms
	BeginReloadAssembly (177ms)
		ExecutionOrderSort (0ms)
		DisableScriptedObjects (4ms)
		BackupInstance (0ms)
		ReleaseScriptingObjects (0ms)
		CreateAndSetChildDomain (26ms)
	RebuildCommonClasses (33ms)
	RebuildNativeTypeToScriptingClass (11ms)
	initialDomainReloadingComplete (41ms)
	LoadAllAssembliesAndSetupDomain (257ms)
		LoadAssemblies (353ms)
		RebuildTransferFunctionScriptingTraits (0ms)
		AnalyzeDomain (9ms)
			TypeCache.Refresh (4ms)
				TypeCache.ScanAssembly (0ms)
			ScanForSourceGeneratedMonoScriptInfo (0ms)
			ResolveRequiredComponents (4ms)
	FinalizeReload (1308ms)
		ReleaseScriptCaches (0ms)
		RebuildScriptCaches (0ms)
		SetupLoadedEditorAssemblies (432ms)
			LogAssemblyErrors (0ms)
			InitializePlatformSupportModulesInManaged (42ms)
			SetLoadedEditorAssemblies (2ms)
			RefreshPlugins (0ms)
			BeforeProcessingInitializeOnLoad (79ms)
			ProcessInitializeOnLoadAttributes (271ms)
			ProcessInitializeOnLoadMethodAttributes (15ms)
			AfterProcessingInitializeOnLoad (23ms)
			EditorAssembliesLoaded (0ms)
		ExecutionOrderSort2 (0ms)
		AwakeInstancesAfterBackupRestoration (15ms)
Refreshing native plugins compatible for Editor in 7.22 ms, found 3 plugins.
Preloading 0 native plugins for Editor in 0.00 ms.
Unloading 3282 Unused Serialized files (Serialized files now loaded: 0)
Unloading 23 unused Assets / (68.9 KB). Loaded Objects now: 3782.
Memory consumption went from 137.7 MB to 137.6 MB.
Total: 2.987400 ms (FindLiveObjects: 0.226300 ms CreateObjectMapping: 0.085800 ms MarkObjects: 2.588100 ms  DeleteObjects: 0.086200 ms)

Prepare: number of updated asset objects reloaded= 0
AssetImportParameters requested are different than current active one (requested -> active):
  custom:container-demuxer-ogg: 62fdf1f143b41e24485cea50d1cbac27 -> 
  custom:video-decoder-ogg-theora: a1e56fd34408186e4bbccfd4996cb3dc -> 
  custom:framework-win-MediaFoundation: 216162199b28c13a410421893ffa2e32 -> 
  custom:CustomObjectIndexerAttribute: 756ad292c208cfabdd7b50bc23989ffe -> 
  custom:container-demuxer-webm: 4f35f7cbe854078d1ac9338744f61a02 -> 
  custom:container-muxer-webm: aa71ff27fc2769a1b78a27578f13a17b -> 
  custom:video-decoder-webm-vp8: 9c59270c3fd7afecdb556c50c9e8de78 -> 
  custom:SearchIndexIgnoredProperties: e643bd26f0fe6173181afceb89e7c659 -> 
  custom:AudioImporter_EditorPlatform: d09bf68614088b80899f8185d706f6e7 -> 
  custom:video-encoder-webm-vp8: eb34c28f22e8b96e1ab97ce403110664 -> 
  custom:audio-decoder-ogg-vorbis: bf7c407c2cedff20999df2af8eb42d56 -> 
  custom:audio-encoder-webm-vorbis: bf7c407c2cedff20999df2af8eb42d56 -> 
========================================================================
Received Import Request.
  Time since last request: 1107.291448 seconds.
  path: Assets/Art/kenney_fantasy-ui-borders/PNG/Default/Panel/panel-001.png
  artifactKey: Guid(6166eec253050a14b920d1b2791dd967) Importer(815301076,1909f56bfc062723c751e8b465ee728b)
Start importing Assets/Art/kenney_fantasy-ui-borders/PNG/Default/Panel/panel-001.png using Guid(6166eec253050a14b920d1b2791dd967) Importer(815301076,1909f56bfc062723c751e8b465ee728b)  -> (artifact id: 'fe0e5312ceb608e168d9913833aced65') in 0.054080 seconds
Number of updated asset objects reloaded before import = 0
Number of asset objects unloaded after import = 2
========================================================================
Received Import Request.
  Time since last request: 0.000012 seconds.
  path: Assets/Art/kenney_fantasy-ui-borders/PNG/Default/Panel/panel-022.png
  artifactKey: Guid(a1c545935bfff2744b22ceb5d5f2ef51) Importer(815301076,1909f56bfc062723c751e8b465ee728b)
Start importing Assets/Art/kenney_fantasy-ui-borders/PNG/Default/Panel/panel-022.png using Guid(a1c545935bfff2744b22ceb5d5f2ef51) Importer(815301076,1909f56bfc062723c751e8b465ee728b)  -> (artifact id: 'ebd8cf70543996e0c4d2840811b584fc') in 0.029977 seconds
Number of updated asset objects reloaded before import = 0
Number of asset objects unloaded after import = 2
========================================================================
Received Import Request.
  Time since last request: 0.000014 seconds.
  path: Assets/Art/kenney_fantasy-ui-borders/PNG/Default/Panel/panel-011.png
  artifactKey: Guid(9691eb21255b0b74fbcbdbc5984c8283) Importer(815301076,1909f56bfc062723c751e8b465ee728b)
Start importing Assets/Art/kenney_fantasy-ui-borders/PNG/Default/Panel/panel-011.png using Guid(9691eb21255b0b74fbcbdbc5984c8283) Importer(815301076,1909f56bfc062723c751e8b465ee728b)  -> (artifact id: '299d8484ac660695cb1bc7e4007cd87b') in 0.035253 seconds
Number of updated asset objects reloaded before import = 0
Number of asset objects unloaded after import = 2
========================================================================
Received Import Request.
  Time since last request: 0.000011 seconds.
  path: Assets/Art/kenney_fantasy-ui-borders/PNG/Default/Panel/panel-004.png
  artifactKey: Guid(eca9104cb20d4bc478d5fe70735b2316) Importer(815301076,1909f56bfc062723c751e8b465ee728b)
Start importing Assets/Art/kenney_fantasy-ui-borders/PNG/Default/Panel/panel-004.png using Guid(eca9104cb20d4bc478d5fe70735b2316) Importer(815301076,1909f56bfc062723c751e8b465ee728b)  -> (artifact id: 'f58837abe25a70ae0c78d7c2481ef49c') in 0.024460 seconds
Number of updated asset objects reloaded before import = 0
Number of asset objects unloaded after import = 2
========================================================================
Received Import Request.
  Time since last request: 0.000013 seconds.
  path: Assets/Art/kenney_fantasy-ui-borders/PNG/Default/Panel/panel-031.png
  artifactKey: Guid(b9991b78168efb049a4a892b9fc7990a) Importer(815301076,1909f56bfc062723c751e8b465ee728b)
Start importing Assets/Art/kenney_fantasy-ui-borders/PNG/Default/Panel/panel-031.png using Guid(b9991b78168efb049a4a892b9fc7990a) Importer(815301076,1909f56bfc062723c751e8b465ee728b)  -> (artifact id: '665ee95b54da6f8b3b8e4cf91376c0cc') in 0.034403 seconds
Number of updated asset objects reloaded before import = 0
Number of asset objects unloaded after import = 2
========================================================================
Received Import Request.
  Time since last request: 0.000013 seconds.
  path: Assets/Art/kenney_fantasy-ui-borders/PNG/Default/Panel/panel-002.png
  artifactKey: Guid(d919be6d5e1ff9745bfd36cae49e75a2) Importer(815301076,1909f56bfc062723c751e8b465ee728b)
Start importing Assets/Art/kenney_fantasy-ui-borders/PNG/Default/Panel/panel-002.png using Guid(d919be6d5e1ff9745bfd36cae49e75a2) Importer(815301076,1909f56bfc062723c751e8b465ee728b)  -> (artifact id: '105c22fe12f0355db8c3f25bdfc673aa') in 0.029191 seconds
Number of updated asset objects reloaded before import = 0
Number of asset objects unloaded after import = 2
========================================================================
Received Import Request.
  Time since last request: 0.000016 seconds.
  path: Assets/Art/kenney_fantasy-ui-borders/PNG/Default/Panel/panel-009.png
  artifactKey: Guid(48d38d73e70fa7d4a923ccf05e6bf899) Importer(815301076,1909f56bfc062723c751e8b465ee728b)
Start importing Assets/Art/kenney_fantasy-ui-borders/PNG/Default/Panel/panel-009.png using Guid(48d38d73e70fa7d4a923ccf05e6bf899) Importer(815301076,1909f56bfc062723c751e8b465ee728b)  -> (artifact id: 'fa220c701578996ffc463461bf8df565') in 0.024821 seconds
Number of updated asset objects reloaded before import = 0
Number of asset objects unloaded after import = 2
========================================================================
Received Import Request.
  Time since last request: 0.000021 seconds.
  path: Assets/Art/kenney_fantasy-ui-borders/PNG/Default/Panel/panel-007.png
  artifactKey: Guid(8d24997274eed3c4d8f5981eb9b38db0) Importer(815301076,1909f56bfc062723c751e8b465ee728b)
Start importing Assets/Art/kenney_fantasy-ui-borders/PNG/Default/Panel/panel-007.png using Guid(8d24997274eed3c4d8f5981eb9b38db0) Importer(815301076,1909f56bfc062723c751e8b465ee728b)  -> (artifact id: '20d05f99227d81bb4ddf74ae5fb9a7ed') in 0.024247 seconds
Number of updated asset objects reloaded before import = 0
Number of asset objects unloaded after import = 2
========================================================================
Received Import Request.
  Time since last request: 0.000017 seconds.
  path: Assets/Art/kenney_fantasy-ui-borders/PNG/Default/Panel/panel-015.png
  artifactKey: Guid(49180f6dc7075864ba1a39ea5d8d6664) Importer(815301076,1909f56bfc062723c751e8b465ee728b)
Start importing Assets/Art/kenney_fantasy-ui-borders/PNG/Default/Panel/panel-015.png using Guid(49180f6dc7075864ba1a39ea5d8d6664) Importer(815301076,1909f56bfc062723c751e8b465ee728b)  -> (artifact id: 'e36cd79ed65bdd984e86c876a4c5be96') in 0.023583 seconds
Number of updated asset objects reloaded before import = 0
Number of asset objects unloaded after import = 2
========================================================================
Received Import Request.
  Time since last request: 0.000018 seconds.
  path: Assets/Art/kenney_fantasy-ui-borders/PNG/Default/Panel/panel-021.png
  artifactKey: Guid(e766b693b7b06c74b89050cd3e8474a3) Importer(815301076,1909f56bfc062723c751e8b465ee728b)
Start importing Assets/Art/kenney_fantasy-ui-borders/PNG/Default/Panel/panel-021.png using Guid(e766b693b7b06c74b89050cd3e8474a3) Importer(815301076,1909f56bfc062723c751e8b465ee728b)  -> (artifact id: '8710799093142c0e5d77d97cb431ede7') in 0.026313 seconds
Number of updated asset objects reloaded before import = 0
Number of asset objects unloaded after import = 2
========================================================================
Received Import Request.
  Time since last request: 0.000012 seconds.
  path: Assets/Art/kenney_fantasy-ui-borders/PNG/Default/Panel/panel-024.png
  artifactKey: Guid(3d931b0361cdcbc44983981e59bfeac5) Importer(815301076,1909f56bfc062723c751e8b465ee728b)
Start importing Assets/Art/kenney_fantasy-ui-borders/PNG/Default/Panel/panel-024.png using Guid(3d931b0361cdcbc44983981e59bfeac5) Importer(815301076,1909f56bfc062723c751e8b465ee728b)  -> (artifact id: 'ee666d8c94274f3fa1f196294ab1abd3') in 0.024251 seconds
Number of updated asset objects reloaded before import = 0
Number of asset objects unloaded after import = 2
========================================================================
Received Import Request.
  Time since last request: 0.000015 seconds.
  path: Assets/Art/kenney_fantasy-ui-borders/PNG/Default/Panel/panel-006.png
  artifactKey: Guid(0a06741cbe1371b47944d2a669f7808a) Importer(815301076,1909f56bfc062723c751e8b465ee728b)
Start importing Assets/Art/kenney_fantasy-ui-borders/PNG/Default/Panel/panel-006.png using Guid(0a06741cbe1371b47944d2a669f7808a) Importer(815301076,1909f56bfc062723c751e8b465ee728b)  -> (artifact id: '9e5c84377ca0ffb3fa2c83895250e4e8') in 0.022600 seconds
Number of updated asset objects reloaded before import = 0
Number of asset objects unloaded after import = 2
========================================================================
Received Import Request.
  Time since last request: 0.000010 seconds.
  path: Assets/Art/kenney_fantasy-ui-borders/PNG/Default/Panel/panel-020.png
  artifactKey: Guid(016644171ba018741bbc489a0eb92aeb) Importer(815301076,1909f56bfc062723c751e8b465ee728b)
Start importing Assets/Art/kenney_fantasy-ui-borders/PNG/Default/Panel/panel-020.png using Guid(016644171ba018741bbc489a0eb92aeb) Importer(815301076,1909f56bfc062723c751e8b465ee728b)  -> (artifact id: '2228b3de686d429dce4f0c9af98c6aed') in 0.024691 seconds
Number of updated asset objects reloaded before import = 0
Number of asset objects unloaded after import = 2
========================================================================
Received Import Request.
  Time since last request: 0.000017 seconds.
  path: Assets/Art/kenney_fantasy-ui-borders/PNG/Default/Panel/panel-008.png
  artifactKey: Guid(fe5e2358031cb3a45ada6ebb7661046f) Importer(815301076,1909f56bfc062723c751e8b465ee728b)
Start importing Assets/Art/kenney_fantasy-ui-borders/PNG/Default/Panel/panel-008.png using Guid(fe5e2358031cb3a45ada6ebb7661046f) Importer(815301076,1909f56bfc062723c751e8b465ee728b)  -> (artifact id: '8c4ab7aed1a93593a2c5fcdf40a2d24a') in 0.023282 seconds
Number of updated asset objects reloaded before import = 0
Number of asset objects unloaded after import = 2
========================================================================
Received Import Request.
  Time since last request: 0.000013 seconds.
  path: Assets/Art/kenney_fantasy-ui-borders/PNG/Default/Panel/panel-010.png
  artifactKey: Guid(a7378ca3832afae4eb6dbdd9e8702ac5) Importer(815301076,1909f56bfc062723c751e8b465ee728b)
Start importing Assets/Art/kenney_fantasy-ui-borders/PNG/Default/Panel/panel-010.png using Guid(a7378ca3832afae4eb6dbdd9e8702ac5) Importer(815301076,1909f56bfc062723c751e8b465ee728b)  -> (artifact id: 'a046c96182afec24764c43ff526cf59e') in 0.022640 seconds
Number of updated asset objects reloaded before import = 0
Number of asset objects unloaded after import = 2
========================================================================
Received Import Request.
  Time since last request: 0.000012 seconds.
  path: Assets/Art/kenney_fantasy-ui-borders/PNG/Default/Panel/panel-014.png
  artifactKey: Guid(ce36fd51a9b2ce446ac777334e57870f) Importer(815301076,1909f56bfc062723c751e8b465ee728b)
Start importing Assets/Art/kenney_fantasy-ui-borders/PNG/Default/Panel/panel-014.png using Guid(ce36fd51a9b2ce446ac777334e57870f) Importer(815301076,1909f56bfc062723c751e8b465ee728b)  -> (artifact id: '499adf2d772f77bb6cc8a64180a778d7') in 0.022503 seconds
Number of updated asset objects reloaded before import = 0
Number of asset objects unloaded after import = 2
Editor requested this worker to shutdown with reason: Scaling down because of idle timeout
TcpMessagingSession - receive error: operation aborted. errorcode: 995, details: 스레드 종료 또는 응용 프로그램 요청 때문에 I/O 작업이 취소되었습니다.
AssetImportWorker is now disconnected from the server
Process exiting
Exiting without the bug reporter. Application will terminate with return code 0