Using pre-set license
Built from '2022.3/staging' branch; Version is '2022.3.14f1 (eff2de9070d8) revision 15725278'; Using compiler version '192829333'; Build Type 'Release'
OS: 'Windows 10  (10.0.19045) 64bit Professional' Language: 'ko' Physical Memory: 16309 MB
BatchMode: 1, IsHumanControllingUs: 0, StartBugReporterOnCrash: 0, Is64bit: 1, IsPro: 1

COMMAND LINE ARGUMENTS:
C:\Program Files\Unity\Hub\Editor\2022.3.14f1\Editor\Unity.exe
-adb2
-batchMode
-noUpm
-name
AssetImportWorker1
-projectPath
C:/Users/USER/Desktop/unity/ToyProject/ToyProject
-logFile
Logs/AssetImportWorker1.log
-srvPort
1842
Successfully changed project path to: C:/Users/USER/Desktop/unity/ToyProject/ToyProject
C:/Users/USER/Desktop/unity/ToyProject/ToyProject
[UnityMemory] Configuration Parameters - Can be set up in boot.config
    "memorysetup-bucket-allocator-granularity=16"
    "memorysetup-bucket-allocator-bucket-count=8"
    "memorysetup-bucket-allocator-block-size=33554432"
    "memorysetup-bucket-allocator-block-count=8"
    "memorysetup-main-allocator-block-size=16777216"
    "memorysetup-thread-allocator-block-size=16777216"
    "memorysetup-gfx-main-allocator-block-size=16777216"
    "memorysetup-gfx-thread-allocator-block-size=16777216"
    "memorysetup-cache-allocator-block-size=4194304"
    "memorysetup-typetree-allocator-block-size=2097152"
    "memorysetup-profiler-bucket-allocator-granularity=16"
    "memorysetup-profiler-bucket-allocator-bucket-count=8"
    "memorysetup-profiler-bucket-allocator-block-size=33554432"
    "memorysetup-profiler-bucket-allocator-block-count=8"
    "memorysetup-profiler-allocator-block-size=16777216"
    "memorysetup-profiler-editor-allocator-block-size=1048576"
    "memorysetup-temp-allocator-size-main=16777216"
    "memorysetup-job-temp-allocator-block-size=2097152"
    "memorysetup-job-temp-allocator-block-size-background=1048576"
    "memorysetup-job-temp-allocator-reduction-small-platforms=262144"
    "memorysetup-allocator-temp-initial-block-size-main=262144"
    "memorysetup-allocator-temp-initial-block-size-worker=262144"
    "memorysetup-temp-allocator-size-background-worker=32768"
    "memorysetup-temp-allocator-size-job-worker=262144"
    "memorysetup-temp-allocator-size-preload-manager=33554432"
    "memorysetup-temp-allocator-size-nav-mesh-worker=65536"
    "memorysetup-temp-allocator-size-audio-worker=65536"
    "memorysetup-temp-allocator-size-cloud-worker=32768"
    "memorysetup-temp-allocator-size-gi-baking-worker=262144"
    "memorysetup-temp-allocator-size-gfx=262144"
Player connection [19128] Host "[IP] 192.168.219.103 [Port] 0 [Flags] 2 [Guid] 763345628 [EditorId] 763345628 [Version] 1048832 [Id] WindowsEditor(7,DESKTOP-5Q74B9L) [Debug] 1 [PackageName] WindowsEditor [ProjectName] Editor" joined multi-casting on [225.0.0.222:54997]...

Player connection [19128] Host "[IP] 192.168.219.103 [Port] 0 [Flags] 2 [Guid] 763345628 [EditorId] 763345628 [Version] 1048832 [Id] WindowsEditor(7,DESKTOP-5Q74B9L) [Debug] 1 [PackageName] WindowsEditor [ProjectName] Editor" joined alternative multi-casting on [225.0.0.222:34997]...

[Physics::Module] Initialized MultithreadedJobDispatcher with 11 workers.
Refreshing native plugins compatible for Editor in 14.24 ms, found 3 plugins.
Preloading 0 native plugins for Editor in 0.00 ms.
Initialize engine version: 2022.3.14f1 (eff2de9070d8)
[Subsystems] Discovering subsystems at path C:/Program Files/Unity/Hub/Editor/2022.3.14f1/Editor/Data/Resources/UnitySubsystems
[Subsystems] Discovering subsystems at path C:/Users/USER/Desktop/unity/ToyProject/ToyProject/Assets
GfxDevice: creating device client; threaded=0; jobified=0
Direct3D:
    Version:  Direct3D 11.0 [level 11.1]
    Renderer: NVIDIA GeForce RTX 3060 (ID=0x2504)
    Vendor:   NVIDIA
    VRAM:     12115 MB
    Driver:   32.0.15.6094
Initialize mono
Mono path[0] = 'C:/Program Files/Unity/Hub/Editor/2022.3.14f1/Editor/Data/Managed'
Mono path[1] = 'C:/Program Files/Unity/Hub/Editor/2022.3.14f1/Editor/Data/MonoBleedingEdge/lib/mono/unityjit-win32'
Mono config path = 'C:/Program Files/Unity/Hub/Editor/2022.3.14f1/Editor/Data/MonoBleedingEdge/etc'
Using monoOptions --debugger-agent=transport=dt_socket,embedding=1,server=y,suspend=n,address=127.0.0.1:56144
Begin MonoManager ReloadAssembly
Registering precompiled unity dll's ...
Register platform support module: C:/Program Files/Unity/Hub/Editor/2022.3.14f1/Editor/Data/PlaybackEngines/WebGLSupport/UnityEditor.WebGL.Extensions.dll
Register platform support module: C:/Program Files/Unity/Hub/Editor/2022.3.14f1/Editor/Data/PlaybackEngines/AndroidPlayer/UnityEditor.Android.Extensions.dll
Register platform support module: C:/Program Files/Unity/Hub/Editor/2022.3.14f1/Editor/Data/PlaybackEngines/WindowsStandaloneSupport/UnityEditor.WindowsStandalone.Extensions.dll
Registered in 0.028400 seconds.
- Loaded All Assemblies, in  0.444 seconds
Native extension for WindowsStandalone target not found
Native extension for Android target not found
Android Extension - Scanning For ADB Devices 3563 ms
Native extension for WebGL target not found
Mono: successfully reloaded assembly
- Finished resetting the current domain, in  3.875 seconds
Domain Reload Profiling: 4314ms
	BeginReloadAssembly (154ms)
		ExecutionOrderSort (0ms)
		DisableScriptedObjects (0ms)
		BackupInstance (0ms)
		ReleaseScriptingObjects (0ms)
		CreateAndSetChildDomain (1ms)
	RebuildCommonClasses (28ms)
	RebuildNativeTypeToScriptingClass (8ms)
	initialDomainReloadingComplete (87ms)
	LoadAllAssembliesAndSetupDomain (161ms)
		LoadAssemblies (149ms)
		RebuildTransferFunctionScriptingTraits (0ms)
		AnalyzeDomain (157ms)
			TypeCache.Refresh (155ms)
				TypeCache.ScanAssembly (141ms)
			ScanForSourceGeneratedMonoScriptInfo (0ms)
			ResolveRequiredComponents (1ms)
	FinalizeReload (3876ms)
		ReleaseScriptCaches (0ms)
		RebuildScriptCaches (0ms)
		SetupLoadedEditorAssemblies (3820ms)
			LogAssemblyErrors (0ms)
			InitializePlatformSupportModulesInManaged (3685ms)
			SetLoadedEditorAssemblies (3ms)
			RefreshPlugins (0ms)
			BeforeProcessingInitializeOnLoad (2ms)
			ProcessInitializeOnLoadAttributes (84ms)
			ProcessInitializeOnLoadMethodAttributes (47ms)
			AfterProcessingInitializeOnLoad (0ms)
			EditorAssembliesLoaded (0ms)
		ExecutionOrderSort2 (0ms)
		AwakeInstancesAfterBackupRestoration (0ms)
========================================================================
Worker process is ready to serve import requests
Begin MonoManager ReloadAssembly
- Loaded All Assemblies, in  0.681 seconds
Refreshing native plugins compatible for Editor in 7.43 ms, found 3 plugins.
Native extension for WindowsStandalone target not found
Native extension for Android target not found
Native extension for WebGL target not found
Package Manager log level set to [2]
[Package Manager] Server::EnsureServerProcessIsRunning -- launch failed, reason: Unity was launched with the -noUpm command-line argument
[Package Manager] UpmClient::Send -- Unable to send message (not connected to UPM process).
[Package Manager] Cannot connect to Unity Package Manager local server
Mono: successfully reloaded assembly
- Finished resetting the current domain, in  0.531 seconds
Domain Reload Profiling: 1203ms
	BeginReloadAssembly (188ms)
		ExecutionOrderSort (0ms)
		DisableScriptedObjects (6ms)
		BackupInstance (0ms)
		ReleaseScriptingObjects (0ms)
		CreateAndSetChildDomain (25ms)
	RebuildCommonClasses (30ms)
	RebuildNativeTypeToScriptingClass (7ms)
	initialDomainReloadingComplete (52ms)
	LoadAllAssembliesAndSetupDomain (394ms)
		LoadAssemblies (388ms)
		RebuildTransferFunctionScriptingTraits (0ms)
		AnalyzeDomain (125ms)
			TypeCache.Refresh (106ms)
				TypeCache.ScanAssembly (92ms)
			ScanForSourceGeneratedMonoScriptInfo (10ms)
			ResolveRequiredComponents (8ms)
	FinalizeReload (531ms)
		ReleaseScriptCaches (0ms)
		RebuildScriptCaches (0ms)
		SetupLoadedEditorAssemblies (396ms)
			LogAssemblyErrors (0ms)
			InitializePlatformSupportModulesInManaged (40ms)
			SetLoadedEditorAssemblies (3ms)
			RefreshPlugins (0ms)
			BeforeProcessingInitializeOnLoad (68ms)
			ProcessInitializeOnLoadAttributes (251ms)
			ProcessInitializeOnLoadMethodAttributes (14ms)
			AfterProcessingInitializeOnLoad (20ms)
			EditorAssembliesLoaded (0ms)
		ExecutionOrderSort2 (0ms)
		AwakeInstancesAfterBackupRestoration (12ms)
Launched and connected shader compiler UnityShaderCompiler.exe after 0.07 seconds
Refreshing native plugins compatible for Editor in 6.12 ms, found 3 plugins.
Preloading 0 native plugins for Editor in 0.00 ms.
Unloading 3309 Unused Serialized files (Serialized files now loaded: 0)
Unloading 34 unused Assets / (96.7 KB). Loaded Objects now: 3775.
Memory consumption went from 142.6 MB to 142.5 MB.
Total: 2.536300 ms (FindLiveObjects: 0.177200 ms CreateObjectMapping: 0.083800 ms MarkObjects: 2.159800 ms  DeleteObjects: 0.114600 ms)

AssetImportParameters requested are different than current active one (requested -> active):
  custom:container-demuxer-ogg: 62fdf1f143b41e24485cea50d1cbac27 -> 
  custom:video-decoder-ogg-theora: a1e56fd34408186e4bbccfd4996cb3dc -> 
  custom:framework-win-MediaFoundation: 216162199b28c13a410421893ffa2e32 -> 
  custom:CustomObjectIndexerAttribute: 756ad292c208cfabdd7b50bc23989ffe -> 
  custom:container-demuxer-webm: 4f35f7cbe854078d1ac9338744f61a02 -> 
  custom:container-muxer-webm: aa71ff27fc2769a1b78a27578f13a17b -> 
  custom:video-decoder-webm-vp8: 9c59270c3fd7afecdb556c50c9e8de78 -> 
  custom:SearchIndexIgnoredProperties: e643bd26f0fe6173181afceb89e7c659 -> 
  custom:AudioImporter_EditorPlatform: d09bf68614088b80899f8185d706f6e7 -> 
  custom:video-encoder-webm-vp8: eb34c28f22e8b96e1ab97ce403110664 -> 
  custom:audio-decoder-ogg-vorbis: bf7c407c2cedff20999df2af8eb42d56 -> 
  custom:audio-encoder-webm-vorbis: bf7c407c2cedff20999df2af8eb42d56 -> 
========================================================================
Received Import Request.
  Time since last request: 149979.998793 seconds.
  path: Assets/Art/kenney_fantasy-ui-borders/Sample.png
  artifactKey: Guid(5df9008ef02d0dd4e8830f9c21462f3f) Importer(815301076,1909f56bfc062723c751e8b465ee728b)
Start importing Assets/Art/kenney_fantasy-ui-borders/Sample.png using Guid(5df9008ef02d0dd4e8830f9c21462f3f) Importer(815301076,1909f56bfc062723c751e8b465ee728b)  -> (artifact id: 'a4be78334414bdc61c064c28a32fc066') in 0.057000 seconds
Number of updated asset objects reloaded before import = 0
Number of asset objects unloaded after import = 2
========================================================================
Received Import Request.
  Time since last request: 601.382998 seconds.
  path: Assets/Art/kenney_fantasy-ui-borders/PNG/Default/Border/panel-border-001.png
  artifactKey: Guid(c2bfa7df409d7414d98d78621d6955db) Importer(815301076,1909f56bfc062723c751e8b465ee728b)
Start importing Assets/Art/kenney_fantasy-ui-borders/PNG/Default/Border/panel-border-001.png using Guid(c2bfa7df409d7414d98d78621d6955db) Importer(815301076,1909f56bfc062723c751e8b465ee728b)  -> (artifact id: '98000aab5d0aff2c7f9a4d23509a6df9') in 0.027746 seconds
Number of updated asset objects reloaded before import = 0
Number of asset objects unloaded after import = 2
========================================================================
Received Import Request.
  Time since last request: 0.003055 seconds.
  path: Assets/Art/kenney_fantasy-ui-borders/PNG/Default/Border/panel-border-003.png
  artifactKey: Guid(b039cfd57ec186746b3d18b85cae5c79) Importer(815301076,1909f56bfc062723c751e8b465ee728b)
Start importing Assets/Art/kenney_fantasy-ui-borders/PNG/Default/Border/panel-border-003.png using Guid(b039cfd57ec186746b3d18b85cae5c79) Importer(815301076,1909f56bfc062723c751e8b465ee728b)  -> (artifact id: 'e259b8fdf4e29f4086eb461c0dc5ff26') in 0.030197 seconds
Number of updated asset objects reloaded before import = 0
Number of asset objects unloaded after import = 2
========================================================================
Received Import Request.
  Time since last request: 0.000012 seconds.
  path: Assets/Art/kenney_fantasy-ui-borders/PNG/Default/Border/panel-border-030.png
  artifactKey: Guid(c70b873e8230055418b5c98e1bfc591d) Importer(815301076,1909f56bfc062723c751e8b465ee728b)
Start importing Assets/Art/kenney_fantasy-ui-borders/PNG/Default/Border/panel-border-030.png using Guid(c70b873e8230055418b5c98e1bfc591d) Importer(815301076,1909f56bfc062723c751e8b465ee728b)  -> (artifact id: '20ed9d47ff9e416eea40b7e6d90203af') in 0.027330 seconds
Number of updated asset objects reloaded before import = 0
Number of asset objects unloaded after import = 2
========================================================================
Received Import Request.
  Time since last request: 0.000016 seconds.
  path: Assets/Art/kenney_fantasy-ui-borders/PNG/Default/Border/panel-border-010.png
  artifactKey: Guid(92adf6012025c5d40ac91658e597f1ac) Importer(815301076,1909f56bfc062723c751e8b465ee728b)
Start importing Assets/Art/kenney_fantasy-ui-borders/PNG/Default/Border/panel-border-010.png using Guid(92adf6012025c5d40ac91658e597f1ac) Importer(815301076,1909f56bfc062723c751e8b465ee728b)  -> (artifact id: '769992553ee516aa0c128994a2b4d4ec') in 0.028792 seconds
Number of updated asset objects reloaded before import = 0
Number of asset objects unloaded after import = 2
========================================================================
Received Import Request.
  Time since last request: 0.000015 seconds.
  path: Assets/Art/kenney_fantasy-ui-borders/PNG/Default/Border/panel-border-007.png
  artifactKey: Guid(2a01310e57126094c949a455027dcf9c) Importer(815301076,1909f56bfc062723c751e8b465ee728b)
Start importing Assets/Art/kenney_fantasy-ui-borders/PNG/Default/Border/panel-border-007.png using Guid(2a01310e57126094c949a455027dcf9c) Importer(815301076,1909f56bfc062723c751e8b465ee728b)  -> (artifact id: '9bf17df71c2be17aa68e198380cc1e40') in 0.027495 seconds
Number of updated asset objects reloaded before import = 0
Number of asset objects unloaded after import = 2
========================================================================
Received Import Request.
  Time since last request: 0.000014 seconds.
  path: Assets/Art/kenney_fantasy-ui-borders/PNG/Default/Border/panel-border-027.png
  artifactKey: Guid(4094fd2e25befaa4089a4fe6e3e86f6b) Importer(815301076,1909f56bfc062723c751e8b465ee728b)
Start importing Assets/Art/kenney_fantasy-ui-borders/PNG/Default/Border/panel-border-027.png using Guid(4094fd2e25befaa4089a4fe6e3e86f6b) Importer(815301076,1909f56bfc062723c751e8b465ee728b)  -> (artifact id: '36cc9f878a5b52f47df551263dedf1f5') in 0.024929 seconds
Number of updated asset objects reloaded before import = 0
Number of asset objects unloaded after import = 2
========================================================================
Received Import Request.
  Time since last request: 0.000011 seconds.
  path: Assets/Art/kenney_fantasy-ui-borders/PNG/Default/Border/panel-border-011.png
  artifactKey: Guid(04ca1a6e966dd1c428082ea927d67f2a) Importer(815301076,1909f56bfc062723c751e8b465ee728b)
Start importing Assets/Art/kenney_fantasy-ui-borders/PNG/Default/Border/panel-border-011.png using Guid(04ca1a6e966dd1c428082ea927d67f2a) Importer(815301076,1909f56bfc062723c751e8b465ee728b)  -> (artifact id: '5c5e77b8af05c53f9976a09e0a39dc50') in 0.022958 seconds
Number of updated asset objects reloaded before import = 0
Number of asset objects unloaded after import = 2
========================================================================
Received Import Request.
  Time since last request: 0.000061 seconds.
  path: Assets/Art/kenney_fantasy-ui-borders/PNG/Default/Border/panel-border-026.png
  artifactKey: Guid(d3f42959ef51c65428098d1f93b09bdb) Importer(815301076,1909f56bfc062723c751e8b465ee728b)
Start importing Assets/Art/kenney_fantasy-ui-borders/PNG/Default/Border/panel-border-026.png using Guid(d3f42959ef51c65428098d1f93b09bdb) Importer(815301076,1909f56bfc062723c751e8b465ee728b)  -> (artifact id: 'b7e8fe788b8ae69cf46db183720c04cb') in 0.028104 seconds
Number of updated asset objects reloaded before import = 0
Number of asset objects unloaded after import = 2
========================================================================
Received Import Request.
  Time since last request: 0.000020 seconds.
  path: Assets/Art/kenney_fantasy-ui-borders/PNG/Default/Border/panel-border-028.png
  artifactKey: Guid(6faf9afb620ff634d9d9f40be916acaf) Importer(815301076,1909f56bfc062723c751e8b465ee728b)
Start importing Assets/Art/kenney_fantasy-ui-borders/PNG/Default/Border/panel-border-028.png using Guid(6faf9afb620ff634d9d9f40be916acaf) Importer(815301076,1909f56bfc062723c751e8b465ee728b)  -> (artifact id: 'a3abde9b8f26021e5a0c725f616fec49') in 0.023839 seconds
Number of updated asset objects reloaded before import = 0
Number of asset objects unloaded after import = 2
========================================================================
Received Import Request.
  Time since last request: 0.000016 seconds.
  path: Assets/Art/kenney_fantasy-ui-borders/PNG/Default/Border/panel-border-029.png
  artifactKey: Guid(bc30abda073d6964b8c48cf3e6ad9523) Importer(815301076,1909f56bfc062723c751e8b465ee728b)
Start importing Assets/Art/kenney_fantasy-ui-borders/PNG/Default/Border/panel-border-029.png using Guid(bc30abda073d6964b8c48cf3e6ad9523) Importer(815301076,1909f56bfc062723c751e8b465ee728b)  -> (artifact id: 'bf0a2799b0562fff8869bdccd372b8ee') in 0.024075 seconds
Number of updated asset objects reloaded before import = 0
Number of asset objects unloaded after import = 2
========================================================================
Received Import Request.
  Time since last request: 0.000016 seconds.
  path: Assets/Art/kenney_fantasy-ui-borders/PNG/Default/Border/panel-border-006.png
  artifactKey: Guid(4b1003f79df5cb948900f29784cec439) Importer(815301076,1909f56bfc062723c751e8b465ee728b)
Start importing Assets/Art/kenney_fantasy-ui-borders/PNG/Default/Border/panel-border-006.png using Guid(4b1003f79df5cb948900f29784cec439) Importer(815301076,1909f56bfc062723c751e8b465ee728b)  -> (artifact id: '6572d577ba61d80e46efed9040130b68') in 0.027435 seconds
Number of updated asset objects reloaded before import = 0
Number of asset objects unloaded after import = 2
========================================================================
Received Import Request.
  Time since last request: 0.000013 seconds.
  path: Assets/Art/kenney_fantasy-ui-borders/PNG/Default/Border/panel-border-017.png
  artifactKey: Guid(ee3735256eb297240a1fafaa12352e06) Importer(815301076,1909f56bfc062723c751e8b465ee728b)
Start importing Assets/Art/kenney_fantasy-ui-borders/PNG/Default/Border/panel-border-017.png using Guid(ee3735256eb297240a1fafaa12352e06) Importer(815301076,1909f56bfc062723c751e8b465ee728b)  -> (artifact id: '5628a1dd4ca9be5aa7ff5c872ea442d8') in 0.023806 seconds
Number of updated asset objects reloaded before import = 0
Number of asset objects unloaded after import = 2
========================================================================
Received Import Request.
  Time since last request: 0.000013 seconds.
  path: Assets/Art/kenney_fantasy-ui-borders/PNG/Default/Border/panel-border-016.png
  artifactKey: Guid(ac73430abb2a8b842bd1b0950af02fbe) Importer(815301076,1909f56bfc062723c751e8b465ee728b)
Start importing Assets/Art/kenney_fantasy-ui-borders/PNG/Default/Border/panel-border-016.png using Guid(ac73430abb2a8b842bd1b0950af02fbe) Importer(815301076,1909f56bfc062723c751e8b465ee728b)  -> (artifact id: '507694288d58059e0695992ac31d29b8') in 0.024578 seconds
Number of updated asset objects reloaded before import = 0
Number of asset objects unloaded after import = 2
========================================================================
Received Import Request.
  Time since last request: 0.000015 seconds.
  path: Assets/Art/kenney_fantasy-ui-borders/PNG/Default/Border/panel-border-024.png
  artifactKey: Guid(e63f0fc28361ffe45a3c979135c964c8) Importer(815301076,1909f56bfc062723c751e8b465ee728b)
Start importing Assets/Art/kenney_fantasy-ui-borders/PNG/Default/Border/panel-border-024.png using Guid(e63f0fc28361ffe45a3c979135c964c8) Importer(815301076,1909f56bfc062723c751e8b465ee728b)  -> (artifact id: '090b529cbe123470c6f5fa832415a611') in 0.025212 seconds
Number of updated asset objects reloaded before import = 0
Number of asset objects unloaded after import = 2
========================================================================
Received Import Request.
  Time since last request: 0.000013 seconds.
  path: Assets/Art/kenney_fantasy-ui-borders/PNG/Default/Border/panel-border-014.png
  artifactKey: Guid(6c36f89c36c02154cb12bc2b9d41276e) Importer(815301076,1909f56bfc062723c751e8b465ee728b)
Start importing Assets/Art/kenney_fantasy-ui-borders/PNG/Default/Border/panel-border-014.png using Guid(6c36f89c36c02154cb12bc2b9d41276e) Importer(815301076,1909f56bfc062723c751e8b465ee728b)  -> (artifact id: '98585a00e77c349bad8f6077133bfedb') in 0.025178 seconds
Number of updated asset objects reloaded before import = 0
Number of asset objects unloaded after import = 2
========================================================================
Received Import Request.
  Time since last request: 0.000013 seconds.
  path: Assets/Art/kenney_fantasy-ui-borders/PNG/Default/Border/panel-border-019.png
  artifactKey: Guid(094f707d55d874e46bdc991cd05c0bee) Importer(815301076,1909f56bfc062723c751e8b465ee728b)
Start importing Assets/Art/kenney_fantasy-ui-borders/PNG/Default/Border/panel-border-019.png using Guid(094f707d55d874e46bdc991cd05c0bee) Importer(815301076,1909f56bfc062723c751e8b465ee728b)  -> (artifact id: '16bf50780bbab449bd23e489a11ab9e8') in 0.022095 seconds
Number of updated asset objects reloaded before import = 0
Number of asset objects unloaded after import = 2
Editor requested this worker to shutdown with reason: Scaling down because of idle timeout
TcpMessagingSession - receive error: operation aborted. errorcode: 995, details: 스레드 종료 또는 응용 프로그램 요청 때문에 I/O 작업이 취소되었습니다.
AssetImportWorker is now disconnected from the server
Process exiting
Exiting without the bug reporter. Application will terminate with return code 0